name=vrf_id_ingress field_type=234 len=4 semantics=u_int
name=vrf_id_egress field_type=235 len=4 semantics=u_int
name=vrf_name field_type=236 len=32 semantics=str
name=mpls_tl_ipv4_address field_type=47 len=4 semantics=ip
name=mpls_tl_prefix_length field_type=91 len=1 semantics=u_int
name=mpls_tl_type field_type=46 len=1 semantics=u_int
name=srhFlagsIPv6 field_type=0:500 len=1 semantics=u_int
name=srhTagIPv6 field_type=0:501 len=2 semantics=u_int
name=srhSegmentIPv6 field_type=0:502 len=16 semantics=ip
name=srhActiveSegmentIPv6 field_type=0:503 len=16 semantics=ip
name=srhSegmentIPv6BasicList field_type=0:504 len=vlen semantics=raw
name=srhSegmentIPv6ListSection field_type=0:505 len=vlen semantics=raw
name=srhSegmentIPv6sLeft field_type=0:506 len=1 semantics=u_int
name=srhSectionIPv6 field_type=0:507 len=vlen semantics=raw
name=srhActiveSegmentIPv6Type field_type=0:508 len=1 semantics=u_int
name=srhSegmentLocatorLength field_type=0:509 len=1 semantics=u_int
name=srhSegmentEndpointBehavior field_type=0:510 len=2 semantics=u_int
name=PathDelayMeanDeltaMicroseconds field_type=0:600 len=4 semantics=u_int
name=PathDelayMinDeltaMicroseconds field_type=0:601 len=4 semantics=u_int
name=PathDelayMaxDeltaMicroseconds field_type=0:602 len=4 semantics=u_int
name=PathDelaySumDeltaMicroseconds field_type=0:603 len=8 semantics=u_int
